Inside "open_file" context manager